// Jest Snapshot v1, https://goo.gl/fbAQLP

exports[`Test Class SideNav renders as expected 1`] = `
<div>
  <div
    class="sideNavContainer"
  >
    <div>
      <div
        class="sideBarLeftMain"
      >
        <span />
        <br />
        <span
          style="font-size: small;"
        />
        <br />
        <span
          style="font-size: small;"
        >
          Role: 
        </span>
        <br />
      </div>
      <hr />
      <div>
        <div
          class="p-panelmenu p-component"
          data-pc-name="panel"
          data-pc-section="root"
        >
          <div
            class="p-panelmenu-panel"
            data-pc-section="panel"
          >
            <div
              class="p-component p-panelmenu-header p-highlight"
              data-pc-section="header"
            >
              <a
                aria-controls="pr_id_1_content"
                aria-expanded="true"
                class="p-panelmenu-header-link"
                data-pc-section="headeraction"
                href="#"
                id="pr_id_1_header"
              >
                <span
                  class="p-menuitem-icon pi pi-list pi pi-list"
                  data-pc-section="headericon"
                />
                <span
                  class="p-menuitem-text"
                  data-pc-section="headerlabel"
                >
                  Overview
                </span>
              </a>
            </div>
            <div
              aria-labelledby="pr_id_1_header"
              class="p-toggleable-content p-toggleable-content-enter p-toggleable-content-enter-active"
              data-pc-section="headertoggleablecontent"
              id="pr_id_1_content"
              role="region"
            >
              <div
                class="p-panelmenu-content"
                data-pc-section="menucontent"
              >
                <ul
                  class="p-submenu-list p-panelmenu-root-submenu"
                  data-pc-section="menu"
                  role="tree"
                />
              </div>
            </div>
          </div>
          <div
            class="p-panelmenu-panel"
            data-pc-section="panel"
          >
            <div
              class="p-component p-panelmenu-header"
              data-pc-section="header"
            >
              <a
                aria-controls="pr_id_1_content"
                aria-expanded="false"
                class="p-panelmenu-header-link"
                data-pc-section="headeraction"
                href="#"
                id="pr_id_1_header"
              >
                <span
                  class="p-menuitem-icon pi pi-book pi pi-book"
                  data-pc-section="headericon"
                />
                <span
                  class="p-menuitem-text"
                  data-pc-section="headerlabel"
                >
                  Details
                </span>
              </a>
            </div>
          </div>
          <div
            class="p-panelmenu-panel"
            data-pc-section="panel"
          >
            <div
              class="p-component p-panelmenu-header"
              data-pc-section="header"
            >
              <a
                aria-controls="pr_id_1_content"
                aria-expanded="false"
                class="p-panelmenu-header-link"
                data-pc-section="headeraction"
                href="#"
                id="pr_id_1_header"
              >
                <span
                  class="p-menuitem-icon pi pi-user pi pi-user"
                  data-pc-section="headericon"
                />
                <span
                  class="p-menuitem-text"
                  data-pc-section="headerlabel"
                >
                  Manage Users
                </span>
              </a>
            </div>
          </div>
          <div
            class="p-panelmenu-panel"
            data-pc-section="panel"
          >
            <div
              class="p-component p-panelmenu-header"
              data-pc-section="header"
            >
              <a
                aria-controls="pr_id_1_content"
                aria-expanded="false"
                class="p-panelmenu-header-link"
                data-pc-section="headeraction"
                href="#"
                id="pr_id_1_header"
              >
                <span
                  class="p-menuitem-icon pi pi-user-plus pi pi-user-plus"
                  data-pc-section="headericon"
                />
                <span
                  class="p-menuitem-text"
                  data-pc-section="headerlabel"
                >
                  Subscriptions
                </span>
              </a>
            </div>
          </div>
          <div
            class="p-panelmenu-panel"
            data-pc-section="panel"
          >
            <div
              class="p-component p-panelmenu-header"
              data-pc-section="header"
            >
              <a
                aria-controls="pr_id_1_content"
                aria-expanded="false"
                class="p-panelmenu-header-link"
                data-pc-section="headeraction"
                href="#"
                id="pr_id_1_header"
              >
                <span
                  class="p-menuitem-icon pi pi-lock pi pi-lock"
                  data-pc-section="headericon"
                />
                <span
                  class="p-menuitem-text"
                  data-pc-section="headerlabel"
                >
                  Conditional Access Users
                </span>
              </a>
            </div>
          </div>
          <div
            class="p-panelmenu-panel"
            data-pc-section="panel"
          >
            <div
              class="p-component p-panelmenu-header"
              data-pc-section="header"
            >
              <a
                aria-controls="pr_id_1_content"
                aria-expanded="false"
                class="p-panelmenu-header-link"
                data-pc-section="headeraction"
                href="#"
                id="pr_id_1_header"
              >
                <span
                  class="p-menuitem-icon pi pi-tablet pi pi-tablet"
                  data-pc-section="headericon"
                />
                <span
                  class="p-menuitem-text"
                  data-pc-section="headerlabel"
                >
                  Blogs
                </span>
              </a>
            </div>
          </div>
          <div
            class="p-panelmenu-panel"
            data-pc-section="panel"
          >
            <div
              class="p-component p-panelmenu-header"
              data-pc-section="header"
            >
              <a
                aria-controls="pr_id_1_content"
                aria-expanded="false"
                class="p-panelmenu-header-link"
                data-pc-section="headeraction"
                href="#"
                id="pr_id_1_header"
              >
                <svg
                  aria-hidden="true"
                  class="p-icon p-panelmenu-icon"
                  data-pc-section="headersubmenuicon"
                  fill="none"
                  height="14"
                  viewBox="0 0 14 14"
                  width="14"
                  xmlns="http://www.w3.org/2000/svg"
                >
                  <path
                    d="M4.38708 13C4.28408 13.0005 4.18203 12.9804 4.08691 12.9409C3.99178 12.9014 3.9055 12.8433 3.83313 12.7701C3.68634 12.6231 3.60388 12.4238 3.60388 12.2161C3.60388 12.0084 3.68634 11.8091 3.83313 11.6622L8.50507 6.99022L3.83313 2.31827C3.69467 2.16968 3.61928 1.97313 3.62287 1.77005C3.62645 1.56698 3.70872 1.37322 3.85234 1.22959C3.99596 1.08597 4.18972 1.00371 4.3928 1.00012C4.59588 0.996539 4.79242 1.07192 4.94102 1.21039L10.1669 6.43628C10.3137 6.58325 10.3962 6.78249 10.3962 6.99022C10.3962 7.19795 10.3137 7.39718 10.1669 7.54416L4.94102 12.7701C4.86865 12.8433 4.78237 12.9014 4.68724 12.9409C4.59212 12.9804 4.49007 13.0005 4.38708 13Z"
                    fill="currentColor"
                  />
                </svg>
                <span
                  class="p-menuitem-text"
                  data-pc-section="headerlabel"
                >
                  Asset Management
                </span>
              </a>
            </div>
          </div>
        </div>
      </div>
    </div>
  </div>
</div>
`;
